#-----------------------------------------------------------
# Vivado v2019.1 (64-bit)
# SW Build 2552052 on Fri May 24 14:49:42 MDT 2019
# IP Build 2548770 on Fri May 24 18:01:18 MDT 2019
# Start of session at: Sat Dec  4 23:56:36 2021
# Process ID: 11196
# Current directory: C:/Users/Sergei/Desktop/nast/camera/new_cam/ov7670_VDMA_VGA/ov7670_to_vga/ov7670_to_vga.runs/system_ov7670_decode_stream_0_0_synth_1
# Command line: vivado.exe -log system_ov7670_decode_stream_0_0.vds -product Vivado -mode batch -messageDb vivado.pb -notrace -source system_ov7670_decode_stream_0_0.tcl
# Log file: C:/Users/Sergei/Desktop/nast/camera/new_cam/ov7670_VDMA_VGA/ov7670_to_vga/ov7670_to_vga.runs/system_ov7670_decode_stream_0_0_synth_1/system_ov7670_decode_stream_0_0.vds
# Journal file: C:/Users/Sergei/Desktop/nast/camera/new_cam/ov7670_VDMA_VGA/ov7670_to_vga/ov7670_to_vga.runs/system_ov7670_decode_stream_0_0_synth_1\vivado.jou
#-----------------------------------------------------------
source system_ov7670_decode_stream_0_0.tcl -notrace
