11:57:31 **** Incremental Build of configuration Debug for project app_test ****
make pre-build main-build 
a9-linaro-pre-build-step
' '
'Building file: ../src/main.cc'
'Invoking: ARM v7 g++ compiler'
arm-none-eabi-g++ -Wall -O0 -g3 -c -fmessage-length=0 -MT"src/main.o" -mcpu=cortex-a9 -mfpu=vfpv3 -mfloat-abi=hard -I../../app_test_bsp/ps7_cortexa9_0/include -MMD -MP -MF"src/main.d" -MT"src/main.o" -o "src/main.o" "../src/main.cc"
../src/main.cc: In function 'void vga_frame_draw_ellipse(bool, int16_t, int16_t, int16_t, int16_t)':
../src/main.cc:148:14: warning: suggest explicit braces to avoid ambiguous 'else' [-Wdangling-else]
           if (((x - x0) * 1.0 * (x - x0) / (a * a) + (y - y0) * 1.0 * (y - y0) / (b*b)) < 1)
              ^
'Finished building: ../src/main.cc'
' '
'Building target: app_test.elf'
'Invoking: ARM v7 g++ linker'
arm-none-eabi-g++ -mcpu=cortex-a9 -mfpu=vfpv3 -mfloat-abi=hard -Wl,-build-id=none -specs=Xilinx.spec -Wl,-T -Wl,../src/lscript.ld -L../../app_test_bsp/ps7_cortexa9_0/lib -o "app_test.elf"  ./src/main.o   -Wl,--start-group,-lxil,-lgcc,-lc,-lstdc++,--end-group
'Finished building target: app_test.elf'
' '
'Invoking: ARM v7 Print Size'
arm-none-eabi-size app_test.elf  |tee "app_test.elf.size"
   text	   data	    bss	    dec	    hex	filename
  71888	   2296	 638568	 712752	  ae030	app_test.elf
'Finished building: app_test.elf.size'
' '
11:58:05 **** Incremental Build of configuration Debug for project app_test ****
make pre-build main-build 
a9-linaro-pre-build-step
' '
make: Цель `main-build' не требует выполнения команд.
