#-----------------------------------------------------------
# Vivado v2019.1 (64-bit)
# SW Build 2552052 on Fri May 24 14:49:42 MDT 2019
# IP Build 2548770 on Fri May 24 18:01:18 MDT 2019
# Start of session at: Tue Jan 25 21:27:05 2022
# Process ID: 10952
# Current directory: c:/work/miet/mag_sem_3/magSem3_FPGA/project/ZedBoard
# Command line: vivado.exe -gui_launcher_event rodinguilauncherevent5516 C:\work\miet\mag_sem_3\magSem3_FPGA\project\ZedBoard\ZedBoard.xpr
# Log file: c:/work/miet/mag_sem_3/magSem3_FPGA/project/ZedBoard/vivado.log
# Journal file: c:/work/miet/mag_sem_3/magSem3_FPGA/project/ZedBoard\vivado.jou
#-----------------------------------------------------------
start_gui
open_project C:/work/miet/mag_sem_3/magSem3_FPGA/project/ZedBoard/ZedBoard.xpr
update_compile_order -fileset sources_1
file mkdir C:/work/miet/mag_sem_3/magSem3_FPGA/project/ZedBoard/ZedBoard.sdk
file copy -force C:/work/miet/mag_sem_3/magSem3_FPGA/project/ZedBoard/ZedBoard.runs/impl_1/system_wrapper.sysdef C:/work/miet/mag_sem_3/magSem3_FPGA/project/ZedBoard/ZedBoard.sdk/system_wrapper.hdf

launch_sdk -workspace C:/work/miet/mag_sem_3/magSem3_FPGA/project/ZedBoard/ZedBoard.sdk -hwspec C:/work/miet/mag_sem_3/magSem3_FPGA/project/ZedBoard/ZedBoard.sdk/system_wrapper.hdf
write_project_tcl -use_bd_files -force {C:/work/miet/mag_sem_3/magSem3_FPGA/project/ZedBoard.tcl}
